------------------------------------------------------------
TimeQuest Timing Analyzer Summary
------------------------------------------------------------

Type  : Slow 1200mV 85C Model Setup 'clockDivider:hundredHertz|c19'
Slack : -2.661
TNS   : -40.073

Type  : Slow 1200mV 85C Model Setup 'Clock'
Slack : -1.172
TNS   : -27.748

Type  : Slow 1200mV 85C Model Setup 'Pushn'
Slack : 0.317
TNS   : 0.000

Type  : Slow 1200mV 85C Model Hold 'Clock'
Slack : 0.358
TNS   : 0.000

Type  : Slow 1200mV 85C Model Hold 'clockDivider:hundredHertz|c19'
Slack : 0.359
TNS   : 0.000

Type  : Slow 1200mV 85C Model Hold 'Pushn'
Slack : 0.384
TNS   : 0.000

Type  : Slow 1200mV 85C Model Minimum Pulse Width 'Clock'
Slack : -3.000
TNS   : -50.000

Type  : Slow 1200mV 85C Model Minimum Pulse Width 'Pushn'
Slack : -3.000
TNS   : -4.000

Type  : Slow 1200mV 85C Model Minimum Pulse Width 'clockDivider:hundredHertz|c19'
Slack : -1.000
TNS   : -20.000

Type  : Slow 1200mV 0C Model Setup 'clockDivider:hundredHertz|c19'
Slack : -2.361
TNS   : -35.089

Type  : Slow 1200mV 0C Model Setup 'Clock'
Slack : -1.031
TNS   : -19.606

Type  : Slow 1200mV 0C Model Setup 'Pushn'
Slack : 0.398
TNS   : 0.000

Type  : Slow 1200mV 0C Model Hold 'Clock'
Slack : 0.263
TNS   : 0.000

Type  : Slow 1200mV 0C Model Hold 'clockDivider:hundredHertz|c19'
Slack : 0.311
TNS   : 0.000

Type  : Slow 1200mV 0C Model Hold 'Pushn'
Slack : 0.341
TNS   : 0.000

Type  : Slow 1200mV 0C Model Minimum Pulse Width 'Clock'
Slack : -3.000
TNS   : -50.000

Type  : Slow 1200mV 0C Model Minimum Pulse Width 'Pushn'
Slack : -3.000
TNS   : -4.000

Type  : Slow 1200mV 0C Model Minimum Pulse Width 'clockDivider:hundredHertz|c19'
Slack : -1.000
TNS   : -20.000

Type  : Fast 1200mV 0C Model Setup 'clockDivider:hundredHertz|c19'
Slack : -1.045
TNS   : -13.614

Type  : Fast 1200mV 0C Model Setup 'Clock'
Slack : -0.733
TNS   : -4.675

Type  : Fast 1200mV 0C Model Setup 'Pushn'
Slack : 0.624
TNS   : 0.000

Type  : Fast 1200mV 0C Model Hold 'Clock'
Slack : 0.161
TNS   : 0.000

Type  : Fast 1200mV 0C Model Hold 'clockDivider:hundredHertz|c19'
Slack : 0.187
TNS   : 0.000

Type  : Fast 1200mV 0C Model Hold 'Pushn'
Slack : 0.206
TNS   : 0.000

Type  : Fast 1200mV 0C Model Minimum Pulse Width 'Clock'
Slack : -3.000
TNS   : -52.810

Type  : Fast 1200mV 0C Model Minimum Pulse Width 'Pushn'
Slack : -3.000
TNS   : -4.153

Type  : Fast 1200mV 0C Model Minimum Pulse Width 'clockDivider:hundredHertz|c19'
Slack : -1.000
TNS   : -20.000

------------------------------------------------------------
